// Vitest Snapshot v1, https://vitest.dev/guide/snapshot.html

exports[`searchVisualizer > matches snapshot 1`] = `
<div
  class="flex flex-col gap-2"
>
  <div
    class="grid grid-cols-[auto_1fr] gap-x-3 gap-y-1 text-xs"
  >
    <span
      class="text-muted"
    >
      COMMON$PATTERN
    </span>
    <span
      class="break-all font-mono text-foreground"
    >
      TODO
    </span>
    <span
      class="text-muted"
    >
      COMMON$PATH
    </span>
    <span
      class="break-all font-mono text-foreground"
    >
      /workspace
    </span>
  </div>
  <div
    class="flex flex-col gap-1"
  >
    <span
      class="text-xs text-muted"
    >
      COMMON$RESULTS
    </span>
    <div
      class="flex flex-col gap-0.5 font-mono text-xs text-foreground"
    >
      <span
        class="break-all"
      >
        a.ts
      </span>
    </div>
  </div>
</div>
`;
